

Mon Dec 22 22:09:29 2014
Command line: TestDisk

TestDisk 6.14, Data Recovery Utility, July 2013
Christophe GRENIER <grenier@cgsecurity.org>
http://www.cgsecurity.org
OS: Linux, kernel 3.13.0-43-generic (#72-Ubuntu SMP Mon Dec 8 19:35:06 UTC 2014) x86_64
Compiler: GCC 4.8
Compilation date: 2013-10-29T01:29:29
ext2fs lib: 1.42.9, ntfs lib: libntfs-3g, reiserfs lib: none, ewf lib: none
/dev/sda: LBA, HPA, LBA48, DCO support
/dev/sda: size       1953525168 sectors
/dev/sda: user_max   1953525168 sectors
/dev/sda: native_max 1953525168 sectors
/dev/sda: dco        1953525168 sectors
Warning: can't get size for Disk /dev/mapper/control - 0 B - 1 sectors, sector size=512
Hard disk list
Disk /dev/sda - 1000 GB / 931 GiB - CHS 121601 255 63, sector size=512 - ST1000LM024 HN-M101MBB, S/N:S2TTJ9EC300145, FW:2AR10001

Partition table type (auto): Intel
Disk /dev/sda - 1000 GB / 931 GiB - ST1000LM024 HN-M101MBB
Partition table type: Intel

Analyse Disk /dev/sda - 1000 GB / 931 GiB - CHS 121601 255 63
Geometry from i386 MBR: head=255 sector=63
NTFS at 0/32/33
NTFS at 44/190/19
NTFS at 13385/191/55
NTFS at 98833/1/1
get_geometry_from_list_part_aux head=255 nbr=4
get_geometry_from_list_part_aux head=8 nbr=1
get_geometry_from_list_part_aux head=16 nbr=1
get_geometry_from_list_part_aux head=255 nbr=4
Current partition structure:
 1 * HPFS - NTFS              0  32 33    44 190 18     716800 [System Reserved]
 2 P HPFS - NTFS             44 190 19 13385 190 53  214323200
 3 E extended LBA         13385 191 53 121600 254 63 1738477955
 5 L HPFS - NTFS          13385 191 55 92753 254 63 1275050898
   X extended             92754  15 63 98224 245  5   87889983
 6 L Linux                92754  16 63 98224 245  5   87889920
   X extended             98225  21 38 98832 202 58    9762879
 7 L Linux Swap           98225  22 38 98832 202 58    9762816
   X extended             98833   0  1 121600 254 63  365767920
 8 L HPFS - NTFS          98833   1  1 121600 254 63  365767857 [My Personal]
